// Jest Snapshot v1, https://goo.gl/fbAQLP

exports[`without static types 1`] = `
"import { literal, number, object, string, union } from 'valibot';

// This file is generated by runtyping (https://github.com/johngeorgewright/runtyping).
// Manual changes might be lost - proceed with caution!
export const One = object({ type: literal("one"), value: string(), });
export const Two = object({ type: literal("two"), value: number(), });
export const Three = union([One, Two]);
"
`;
